MPLINK 5.09, LINKER
Linker Map File - Created Wed Nov 11 23:20:41 2020

                                 Section Info
                  Section       Type    Address   Location Size(Bytes)
                ---------  ---------  ---------  ---------  ---------
                   .org_0       code   0x000000    program   0x000028
                   .cinit    romdata   0x000028    program   0x000002



                              Program Memory Usage 
                               Start         End      
                           ---------   ---------      
                            0x000000    0x000029      
            42 out of 33048 program addresses used, program memory utilization is 0%



                              Symbols - Sorted by Name
                     Name    Address   Location    Storage File                     
                ---------  ---------  ---------  --------- ---------                
                   APAGAR   0x00001c    program     static /home/alaguna/MPLABXProjects/P3UnSWunLed.X/P3UnSWunLed.asm
                 ENCENDER   0x000022    program     static /home/alaguna/MPLABXProjects/P3UnSWunLed.X/P3UnSWunLed.asm
                   INICIO   0x000000    program     static /home/alaguna/MPLABXProjects/P3UnSWunLed.X/P3UnSWunLed.asm
                     MAIN   0x000012    program     static /home/alaguna/MPLABXProjects/P3UnSWunLed.X/P3UnSWunLed.asm



                              Symbols - Sorted by Address
                     Name    Address   Location    Storage File                     
                ---------  ---------  ---------  --------- ---------                
                   INICIO   0x000000    program     static /home/alaguna/MPLABXProjects/P3UnSWunLed.X/P3UnSWunLed.asm
                     MAIN   0x000012    program     static /home/alaguna/MPLABXProjects/P3UnSWunLed.X/P3UnSWunLed.asm
                   APAGAR   0x00001c    program     static /home/alaguna/MPLABXProjects/P3UnSWunLed.X/P3UnSWunLed.asm
                 ENCENDER   0x000022    program     static /home/alaguna/MPLABXProjects/P3UnSWunLed.X/P3UnSWunLed.asm


