MPLINK 5.09, LINKER
Linker Map File - Created Thu Oct 22 16:46:28 2020

                                 Section Info
                  Section       Type    Address   Location Size(Bytes)
                ---------  ---------  ---------  ---------  ---------
                   .org_0       code   0x000000    program   0x000024
                   .cinit    romdata   0x000024    program   0x000002



                              Program Memory Usage 
                               Start         End      
                           ---------   ---------      
                            0x000000    0x000025      
            38 out of 33048 program addresses used, program memory utilization is 0%



                              Symbols - Sorted by Name
                     Name    Address   Location    Storage File                     
                ---------  ---------  ---------  --------- ---------                
           MULTIPLICACION   0x000012    program     static /home/alaguna/MPLABXProjects/practica1.X/practica1.asm
                   ORIGEN   0x000000    program     static /home/alaguna/MPLABXProjects/practica1.X/practica1.asm
                   RESTA1   0x000006    program     static /home/alaguna/MPLABXProjects/practica1.X/practica1.asm
                   RESTA2   0x00000c    program     static /home/alaguna/MPLABXProjects/practica1.X/practica1.asm
                     SUMA   0x000000    program     static /home/alaguna/MPLABXProjects/practica1.X/practica1.asm



                              Symbols - Sorted by Address
                     Name    Address   Location    Storage File                     
                ---------  ---------  ---------  --------- ---------                
                   ORIGEN   0x000000    program     static /home/alaguna/MPLABXProjects/practica1.X/practica1.asm
                     SUMA   0x000000    program     static /home/alaguna/MPLABXProjects/practica1.X/practica1.asm
                   RESTA1   0x000006    program     static /home/alaguna/MPLABXProjects/practica1.X/practica1.asm
                   RESTA2   0x00000c    program     static /home/alaguna/MPLABXProjects/practica1.X/practica1.asm
           MULTIPLICACION   0x000012    program     static /home/alaguna/MPLABXProjects/practica1.X/practica1.asm


