MPLINK 5.09, LINKER
Linker Map File - Created Wed Nov 11 23:45:11 2020

                                 Section Info
                  Section       Type    Address   Location Size(Bytes)
                ---------  ---------  ---------  ---------  ---------
                   .org_0       code   0x000000    program   0x00003c
                   .cinit    romdata   0x00003c    program   0x000002



                              Program Memory Usage 
                               Start         End      
                           ---------   ---------      
                            0x000000    0x00003d      
            62 out of 33048 program addresses used, program memory utilization is 0%



                              Symbols - Sorted by Name
                     Name    Address   Location    Storage File                     
                ---------  ---------  ---------  --------- ---------                
                   APAGAR   0x000030    program     static /home/alaguna/MPLABXProjects/P3DosSWunLed.X/P3DosSWunLed.asm
                 ENCENDER   0x000036    program     static /home/alaguna/MPLABXProjects/P3DosSWunLed.X/P3DosSWunLed.asm
                   INICIO   0x000000    program     static /home/alaguna/MPLABXProjects/P3DosSWunLed.X/P3DosSWunLed.asm
                     MAIN   0x000012    program     static /home/alaguna/MPLABXProjects/P3DosSWunLed.X/P3DosSWunLed.asm
VERIFICAR_SW_2_CON_SW_1_EN_CERO   0x00001c    program     static /home/alaguna/MPLABXProjects/P3DosSWunLed.X/P3DosSWunLed.asm
VERIFICAR_SW_2_CON_SW_1_EN_UNO   0x000026    program     static /home/alaguna/MPLABXProjects/P3DosSWunLed.X/P3DosSWunLed.asm



                              Symbols - Sorted by Address
                     Name    Address   Location    Storage File                     
                ---------  ---------  ---------  --------- ---------                
                   INICIO   0x000000    program     static /home/alaguna/MPLABXProjects/P3DosSWunLed.X/P3DosSWunLed.asm
                     MAIN   0x000012    program     static /home/alaguna/MPLABXProjects/P3DosSWunLed.X/P3DosSWunLed.asm
VERIFICAR_SW_2_CON_SW_1_EN_CERO   0x00001c    program     static /home/alaguna/MPLABXProjects/P3DosSWunLed.X/P3DosSWunLed.asm
VERIFICAR_SW_2_CON_SW_1_EN_UNO   0x000026    program     static /home/alaguna/MPLABXProjects/P3DosSWunLed.X/P3DosSWunLed.asm
                   APAGAR   0x000030    program     static /home/alaguna/MPLABXProjects/P3DosSWunLed.X/P3DosSWunLed.asm
                 ENCENDER   0x000036    program     static /home/alaguna/MPLABXProjects/P3DosSWunLed.X/P3DosSWunLed.asm


