MPLINK 5.09, LINKER
Linker Map File - Created Thu Nov 12 02:03:21 2020

                                 Section Info
                  Section       Type    Address   Location Size(Bytes)
                ---------  ---------  ---------  ---------  ---------
                   .org_0       code   0x000000    program   0x00007a
                   .cinit    romdata   0x00007a    program   0x000002



                              Program Memory Usage 
                               Start         End      
                           ---------   ---------      
                            0x000000    0x00007b      
            124 out of 33048 program addresses used, program memory utilization is 0%



                              Symbols - Sorted by Name
                     Name    Address   Location    Storage File                     
                ---------  ---------  ---------  --------- ---------                
     HACER_MULTIPLICACION   0x000068    program     static /home/alaguna/MPLABXProjects/P3Operaciones.X/P3Operaciones.asm
               HACER_NADA   0x000074    program     static /home/alaguna/MPLABXProjects/P3Operaciones.X/P3Operaciones.asm
              HACER_RESTA   0x00005a    program     static /home/alaguna/MPLABXProjects/P3Operaciones.X/P3Operaciones.asm
               HACER_SUMA   0x00004c    program     static /home/alaguna/MPLABXProjects/P3Operaciones.X/P3Operaciones.asm
                   INICIO   0x000000    program     static /home/alaguna/MPLABXProjects/P3Operaciones.X/P3Operaciones.asm
                     MAIN   0x000018    program     static /home/alaguna/MPLABXProjects/P3Operaciones.X/P3Operaciones.asm
VERIFICAR_RC1_CON_RC2_EN_CERO   0x000038    program     static /home/alaguna/MPLABXProjects/P3Operaciones.X/P3Operaciones.asm
VERIFICAR_RC1_CON_RC2_EN_UNO   0x000042    program     static /home/alaguna/MPLABXProjects/P3Operaciones.X/P3Operaciones.asm



                              Symbols - Sorted by Address
                     Name    Address   Location    Storage File                     
                ---------  ---------  ---------  --------- ---------                
                   INICIO   0x000000    program     static /home/alaguna/MPLABXProjects/P3Operaciones.X/P3Operaciones.asm
                     MAIN   0x000018    program     static /home/alaguna/MPLABXProjects/P3Operaciones.X/P3Operaciones.asm
VERIFICAR_RC1_CON_RC2_EN_CERO   0x000038    program     static /home/alaguna/MPLABXProjects/P3Operaciones.X/P3Operaciones.asm
VERIFICAR_RC1_CON_RC2_EN_UNO   0x000042    program     static /home/alaguna/MPLABXProjects/P3Operaciones.X/P3Operaciones.asm
               HACER_SUMA   0x00004c    program     static /home/alaguna/MPLABXProjects/P3Operaciones.X/P3Operaciones.asm
              HACER_RESTA   0x00005a    program     static /home/alaguna/MPLABXProjects/P3Operaciones.X/P3Operaciones.asm
     HACER_MULTIPLICACION   0x000068    program     static /home/alaguna/MPLABXProjects/P3Operaciones.X/P3Operaciones.asm
               HACER_NADA   0x000074    program     static /home/alaguna/MPLABXProjects/P3Operaciones.X/P3Operaciones.asm


