MPLINK 5.09, LINKER
Linker Map File - Created Thu Nov 12 01:13:02 2020

                                 Section Info
                  Section       Type    Address   Location Size(Bytes)
                ---------  ---------  ---------  ---------  ---------
                   .org_0       code   0x000000    program   0x000030
                   .cinit    romdata   0x000030    program   0x000002



                              Program Memory Usage 
                               Start         End      
                           ---------   ---------      
                            0x000000    0x000031      
            50 out of 33048 program addresses used, program memory utilization is 0%



                              Symbols - Sorted by Name
                     Name    Address   Location    Storage File                     
                ---------  ---------  ---------  --------- ---------                
         ENCENDER_IMPARES   0x000026    program     static /home/alaguna/MPLABXProjects/P3PairImpar.X/P3ParImpar.asm
           ENCENDER_PARES   0x00001c    program     static /home/alaguna/MPLABXProjects/P3PairImpar.X/P3ParImpar.asm
                   INICIO   0x000000    program     static /home/alaguna/MPLABXProjects/P3PairImpar.X/P3ParImpar.asm
                     MAIN   0x000012    program     static /home/alaguna/MPLABXProjects/P3PairImpar.X/P3ParImpar.asm



                              Symbols - Sorted by Address
                     Name    Address   Location    Storage File                     
                ---------  ---------  ---------  --------- ---------                
                   INICIO   0x000000    program     static /home/alaguna/MPLABXProjects/P3PairImpar.X/P3ParImpar.asm
                     MAIN   0x000012    program     static /home/alaguna/MPLABXProjects/P3PairImpar.X/P3ParImpar.asm
           ENCENDER_PARES   0x00001c    program     static /home/alaguna/MPLABXProjects/P3PairImpar.X/P3ParImpar.asm
         ENCENDER_IMPARES   0x000026    program     static /home/alaguna/MPLABXProjects/P3PairImpar.X/P3ParImpar.asm


